
Copyright (C) 1994-2020 Synopsys, Inc.
This Synopsys software and all associated documentation are proprietary to Synopsys, Inc.
and may only be used pursuant to the terms and conditions of a written license agreement
with Synopsys, Inc. All other use, reproduction, modification, or distribution of the
Synopsys software or the associated documentation is strictly prohibited.
Tool: Synplify Pro (R)
Build: Q-2020.03L-SP1
Install: E:\tools\Iscc\diamond\3.12\synpbase
OS: Windows 6.2

Hostname: LAPTOP-5IM9OFQR

Implementation : impl1
Synopsys HDL compiler and linker, Version comp202003synp2, Build 182R, Built Oct 29 2020 10:49:53, @

Modified Files: 2
FID:  path (prevtimestamp, timestamp)
0        D:\programs\fpga\C200_FPGA\C200_FPGA.v (2021-06-02 13:57:01, 2021-06-02 15:10:34)
7        D:\programs\fpga\C200_FPGA\adc_to_dac_2.v (2021-05-28 11:11:16, 2021-06-02 15:10:13)

*******************************************************************
Modules that may have changed as a result of file changes: 34
MID:  lib.cell.view
0        work.C200_FPGA.verilog may have changed because the following files changed:
                        D:\programs\fpga\C200_FPGA\C200_FPGA.v (2021-06-02 13:57:01, 2021-06-02 15:10:34) <-- (module definition)
1        work.C200_PLL.verilog may have changed because the following files changed:
                        D:\programs\fpga\C200_FPGA\C200_FPGA.v (2021-06-02 13:57:01, 2021-06-02 15:10:34) <-- (may instantiate this module)
4        work.adc_to_dac_2.verilog may have changed because the following files changed:
                        D:\programs\fpga\C200_FPGA\C200_FPGA.v (2021-06-02 13:57:01, 2021-06-02 15:10:34) <-- (may instantiate this module)
                        D:\programs\fpga\C200_FPGA\adc_to_dac_2.v (2021-05-28 11:11:16, 2021-06-02 15:10:13) <-- (module definition)
6        work.adc_to_temp_2.verilog may have changed because the following files changed:
                        D:\programs\fpga\C200_FPGA\C200_FPGA.v (2021-06-02 13:57:01, 2021-06-02 15:10:34) <-- (may instantiate this module)
                        D:\programs\fpga\C200_FPGA\adc_to_dac_2.v (2021-05-28 11:11:16, 2021-06-02 15:10:13) <-- (may instantiate this module)
7        work.data_packet.verilog may have changed because the following files changed:
                        D:\programs\fpga\C200_FPGA\C200_FPGA.v (2021-06-02 13:57:01, 2021-06-02 15:10:34) <-- (may instantiate this module)
8        work.datagram_parser.verilog may have changed because the following files changed:
                        D:\programs\fpga\C200_FPGA\C200_FPGA.v (2021-06-02 13:57:01, 2021-06-02 15:10:34) <-- (may instantiate this module)
9        work.dist_calculate.verilog may have changed because the following files changed:
                        D:\programs\fpga\C200_FPGA\C200_FPGA.v (2021-06-02 13:57:01, 2021-06-02 15:10:34) <-- (may instantiate this module)
10       work.dist_measure.verilog may have changed because the following files changed:
                        D:\programs\fpga\C200_FPGA\C200_FPGA.v (2021-06-02 13:57:01, 2021-06-02 15:10:34) <-- (may instantiate this module)
11       work.division.verilog may have changed because the following files changed:
                        D:\programs\fpga\C200_FPGA\C200_FPGA.v (2021-06-02 13:57:01, 2021-06-02 15:10:34) <-- (may instantiate this module)
                        D:\programs\fpga\C200_FPGA\adc_to_dac_2.v (2021-05-28 11:11:16, 2021-06-02 15:10:13) <-- (may instantiate this module)
14       work.encoder_generate_3.verilog may have changed because the following files changed:
                        D:\programs\fpga\C200_FPGA\C200_FPGA.v (2021-06-02 13:57:01, 2021-06-02 15:10:34) <-- (may instantiate this module)
15       work.eth_data_fifo.verilog may have changed because the following files changed:
                        D:\programs\fpga\C200_FPGA\C200_FPGA.v (2021-06-02 13:57:01, 2021-06-02 15:10:34) <-- (may instantiate this module)
16       work.flash_control.verilog may have changed because the following files changed:
                        D:\programs\fpga\C200_FPGA\C200_FPGA.v (2021-06-02 13:57:01, 2021-06-02 15:10:34) <-- (may instantiate this module)
17       work.gp22_control.verilog may have changed because the following files changed:
                        D:\programs\fpga\C200_FPGA\C200_FPGA.v (2021-06-02 13:57:01, 2021-06-02 15:10:34) <-- (may instantiate this module)
18       work.gp22_spi.verilog may have changed because the following files changed:
                        D:\programs\fpga\C200_FPGA\C200_FPGA.v (2021-06-02 13:57:01, 2021-06-02 15:10:34) <-- (may instantiate this module)
19       work.i2c_master.verilog may have changed because the following files changed:
                        D:\programs\fpga\C200_FPGA\C200_FPGA.v (2021-06-02 13:57:01, 2021-06-02 15:10:34) <-- (may instantiate this module)
20       work.laser_control.verilog may have changed because the following files changed:
                        D:\programs\fpga\C200_FPGA\C200_FPGA.v (2021-06-02 13:57:01, 2021-06-02 15:10:34) <-- (may instantiate this module)
21       work.mcp4726a0_top.verilog may have changed because the following files changed:
                        D:\programs\fpga\C200_FPGA\C200_FPGA.v (2021-06-02 13:57:01, 2021-06-02 15:10:34) <-- (may instantiate this module)
22       work.motor_control.verilog may have changed because the following files changed:
                        D:\programs\fpga\C200_FPGA\C200_FPGA.v (2021-06-02 13:57:01, 2021-06-02 15:10:34) <-- (may instantiate this module)
23       work.multiplier.verilog may have changed because the following files changed:
                        D:\programs\fpga\C200_FPGA\C200_FPGA.v (2021-06-02 13:57:01, 2021-06-02 15:10:34) <-- (may instantiate this module)
                        D:\programs\fpga\C200_FPGA\adc_to_dac_2.v (2021-05-28 11:11:16, 2021-06-02 15:10:13) <-- (may instantiate this module)
24       work.opto_switch_filter.verilog may have changed because the following files changed:
                        D:\programs\fpga\C200_FPGA\C200_FPGA.v (2021-06-02 13:57:01, 2021-06-02 15:10:34) <-- (may instantiate this module)
25       work.packet_data_fifo.verilog may have changed because the following files changed:
                        D:\programs\fpga\C200_FPGA\C200_FPGA.v (2021-06-02 13:57:01, 2021-06-02 15:10:34) <-- (may instantiate this module)
26       work.parameter_init.verilog may have changed because the following files changed:
                        D:\programs\fpga\C200_FPGA\C200_FPGA.v (2021-06-02 13:57:01, 2021-06-02 15:10:34) <-- (may instantiate this module)
27       work.rotating_module.verilog may have changed because the following files changed:
                        D:\programs\fpga\C200_FPGA\C200_FPGA.v (2021-06-02 13:57:01, 2021-06-02 15:10:34) <-- (may instantiate this module)
28       work.self_inspection.verilog may have changed because the following files changed:
                        D:\programs\fpga\C200_FPGA\C200_FPGA.v (2021-06-02 13:57:01, 2021-06-02 15:10:34) <-- (may instantiate this module)
29       work.spi_flash_cmd.verilog may have changed because the following files changed:
                        D:\programs\fpga\C200_FPGA\C200_FPGA.v (2021-06-02 13:57:01, 2021-06-02 15:10:34) <-- (may instantiate this module)
30       work.spi_flash_top.verilog may have changed because the following files changed:
                        D:\programs\fpga\C200_FPGA\C200_FPGA.v (2021-06-02 13:57:01, 2021-06-02 15:10:34) <-- (may instantiate this module)
31       work.spi_master.verilog may have changed because the following files changed:
                        D:\programs\fpga\C200_FPGA\C200_FPGA.v (2021-06-02 13:57:01, 2021-06-02 15:10:34) <-- (may instantiate this module)
32       work.spi_w5500_cmd.verilog may have changed because the following files changed:
                        D:\programs\fpga\C200_FPGA\C200_FPGA.v (2021-06-02 13:57:01, 2021-06-02 15:10:34) <-- (may instantiate this module)
33       work.spi_w5500_top.verilog may have changed because the following files changed:
                        D:\programs\fpga\C200_FPGA\C200_FPGA.v (2021-06-02 13:57:01, 2021-06-02 15:10:34) <-- (may instantiate this module)
34       work.sram_control.verilog may have changed because the following files changed:
                        D:\programs\fpga\C200_FPGA\C200_FPGA.v (2021-06-02 13:57:01, 2021-06-02 15:10:34) <-- (may instantiate this module)
35       work.tcp_recv_fifo.verilog may have changed because the following files changed:
                        D:\programs\fpga\C200_FPGA\C200_FPGA.v (2021-06-02 13:57:01, 2021-06-02 15:10:34) <-- (may instantiate this module)
36       work.tcp_send_fifo.verilog may have changed because the following files changed:
                        D:\programs\fpga\C200_FPGA\C200_FPGA.v (2021-06-02 13:57:01, 2021-06-02 15:10:34) <-- (may instantiate this module)
39       work.tla2024_top.verilog may have changed because the following files changed:
                        D:\programs\fpga\C200_FPGA\C200_FPGA.v (2021-06-02 13:57:01, 2021-06-02 15:10:34) <-- (may instantiate this module)
40       work.w5500_control.verilog may have changed because the following files changed:
                        D:\programs\fpga\C200_FPGA\C200_FPGA.v (2021-06-02 13:57:01, 2021-06-02 15:10:34) <-- (may instantiate this module)

*******************************************************************
Unmodified files: 51
FID:  path (timestamp)
1        D:\programs\fpga\C200_FPGA\C200_FPGA\C200_PLL\C200_PLL.v (2021-06-02 11:26:30)
2        D:\programs\fpga\C200_FPGA\C200_FPGA\eth_data_fifo\eth_data_fifo.v (2021-05-19 16:28:06)
3        D:\programs\fpga\C200_FPGA\C200_FPGA\multiplier\multiplier.v (2021-05-28 13:17:45)
4        D:\programs\fpga\C200_FPGA\C200_FPGA\packet_data_fifo\packet_data_fifo.v (2021-05-18 13:50:58)
5        D:\programs\fpga\C200_FPGA\TDC_SPI_ms1004.v (2021-05-29 10:17:28)
6        D:\programs\fpga\C200_FPGA\adc_to_dac.v (2021-05-27 19:44:25)
8        D:\programs\fpga\C200_FPGA\adc_to_temp.v (2021-05-27 19:23:03)
9        D:\programs\fpga\C200_FPGA\adc_to_temp_2.v (2021-05-28 19:17:38)
10       D:\programs\fpga\C200_FPGA\data_packet.v (2021-05-31 13:50:58)
11       D:\programs\fpga\C200_FPGA\datagram_cmd_defines.v (2021-05-19 16:17:13)
12       D:\programs\fpga\C200_FPGA\dist_calculate.v (2021-06-02 11:39:18)
13       D:\programs\fpga\C200_FPGA\dist_measure.v (2021-06-01 09:47:17)
14       D:\programs\fpga\C200_FPGA\division.v (2021-05-28 19:16:53)
15       D:\programs\fpga\C200_FPGA\encoder_generate.v (2021-06-02 11:33:22)
16       D:\programs\fpga\C200_FPGA\encoder_generate_2.v (2021-06-02 11:33:47)
17       D:\programs\fpga\C200_FPGA\encoder_generate_3.v (2021-06-02 11:34:06)
18       D:\programs\fpga\C200_FPGA\eth\datagram_cmd_defines.v (2021-05-19 16:17:13)
19       D:\programs\fpga\C200_FPGA\eth\datagram_parser.v (2021-06-02 15:06:35)
20       D:\programs\fpga\C200_FPGA\eth\spi_w5500_cmd.v (2021-04-29 13:16:54)
21       D:\programs\fpga\C200_FPGA\eth\spi_w5500_top.v (2021-05-30 21:35:33)
22       D:\programs\fpga\C200_FPGA\eth\tcp_recv_fifo.v (2021-05-17 10:10:14)
23       D:\programs\fpga\C200_FPGA\eth\tcp_send_fifo.v (2021-05-17 10:23:23)
24       D:\programs\fpga\C200_FPGA\eth\w5500_cmd_defines.v (2021-05-10 09:16:18)
25       D:\programs\fpga\C200_FPGA\eth\w5500_reg_defines.v (2021-04-28 11:16:03)
26       D:\programs\fpga\C200_FPGA\flash_control.v (2021-06-02 11:40:09)
27       D:\programs\fpga\C200_FPGA\gp22\gp22_control.v (2021-06-02 11:35:54)
28       D:\programs\fpga\C200_FPGA\gp22\gp22_spi.v (2021-05-29 10:20:29)
29       D:\programs\fpga\C200_FPGA\i2c_master.v (2021-05-25 14:02:59)
30       D:\programs\fpga\C200_FPGA\laser_control.v (2021-05-28 20:27:21)
31       D:\programs\fpga\C200_FPGA\mcp4726a0_top.v (2021-05-26 18:06:48)
32       D:\programs\fpga\C200_FPGA\motor_control.v (2021-06-02 11:32:22)
33       D:\programs\fpga\C200_FPGA\opto_switch_filter.v (2021-06-02 11:27:54)
34       D:\programs\fpga\C200_FPGA\parameter_ident_define.v (2021-05-31 20:28:32)
35       D:\programs\fpga\C200_FPGA\parameter_init.v (2021-06-02 15:03:34)
36       D:\programs\fpga\C200_FPGA\rotating_module.v (2021-06-01 14:43:54)
37       D:\programs\fpga\C200_FPGA\self_inspection.v (2021-05-31 16:46:27)
38       D:\programs\fpga\C200_FPGA\spi flash\spi_flash_cmd.v (2021-04-27 15:11:37)
39       D:\programs\fpga\C200_FPGA\spi flash\spi_flash_top.v (2021-05-17 10:02:53)
40       D:\programs\fpga\C200_FPGA\spi flash\spi_master.v (2021-04-25 13:09:29)
41       D:\programs\fpga\C200_FPGA\sram_control.v (2021-05-31 16:06:34)
42       D:\programs\fpga\C200_FPGA\tdc_control.v (2021-05-31 23:30:11)
43       D:\programs\fpga\C200_FPGA\test.v (2021-05-23 18:33:18)
44       D:\programs\fpga\C200_FPGA\tla2024_cmd_defines.v (2021-05-19 17:22:13)
45       D:\programs\fpga\C200_FPGA\tla2024_top.v (2021-05-27 10:02:40)
46       D:\programs\fpga\C200_FPGA\w5500_control.v (2021-06-01 16:43:27)
47       E:\tools\Iscc\diamond\3.12\synpbase\lib\lucent\ecp5u.v (2020-10-29 10:20:54)
48       E:\tools\Iscc\diamond\3.12\synpbase\lib\lucent\pmi_def.v (2020-10-29 10:20:54)
49       E:\tools\Iscc\diamond\3.12\synpbase\lib\vlog\hypermods.v (2020-10-29 10:23:10)
50       E:\tools\Iscc\diamond\3.12\synpbase\lib\vlog\scemi_objects.v (2020-10-29 10:23:10)
51       E:\tools\Iscc\diamond\3.12\synpbase\lib\vlog\scemi_pipes.svh (2020-10-29 10:23:10)
52       E:\tools\Iscc\diamond\3.12\synpbase\lib\vlog\umr_capim.v (2020-10-29 10:23:10)

*******************************************************************
Unchanged modules: 7
MID:  lib.cell.view
2        work.TDC_SPI_ms1004.verilog
3        work.adc_to_dac.verilog
5        work.adc_to_temp.verilog
12       work.encoder_generate.verilog
13       work.encoder_generate_2.verilog
37       work.tdc_control.verilog
38       work.test.verilog
