"D:/Project/H100_FPGA/source/c25x_fpga.v|Verilog 2001"
"D:/Project/H100_FPGA/source/dist/calib_packet.v|Verilog 2001"
"D:/Project/H100_FPGA/source/dist/dist_measure.v|Verilog 2001"
"D:/Project/H100_FPGA/source/dist/dist_packet.v|Verilog 2001"
"D:/Project/H100_FPGA/source/dist/measure_para.v|Verilog 2001"
"D:/Project/H100_FPGA/source/eth/datagram_cmd_defines.v|Verilog 2001"
"D:/Project/H100_FPGA/source/eth/datagram_parser.v|Verilog 2001"
"D:/Project/H100_FPGA/source/eth/division.v|Verilog 2001"
"D:/Project/H100_FPGA/source/eth/index_calculate.v|Verilog 2001"
"D:/Project/H100_FPGA/source/eth/parameter_ident_define.v|Verilog 2001"
"D:/Project/H100_FPGA/source/eth/parameter_init.v|Verilog 2001"
"D:/Project/H100_FPGA/source/eth/spi_w5500_cmd.v|Verilog 2001"
"D:/Project/H100_FPGA/source/eth/time_stamp.v|Verilog 2001"
"D:/Project/H100_FPGA/source/eth/w5500_cmd_defines.v|Verilog 2001"
"D:/Project/H100_FPGA/source/eth/w5500_control.v|Verilog 2001"
"D:/Project/H100_FPGA/source/eth/w5500_reg_defines.v|Verilog 2001"
"D:/Project/H100_FPGA/source/eth/spi_master_eth.v|Verilog 2001"
"D:/Project/H100_FPGA/source/flash/flash_control.v|Verilog 2001"
"D:/Project/H100_FPGA/source/flash/USRMCLK.v|Verilog 2001"
"D:/Project/H100_FPGA/source/flash/spi flash/spi_master.v|Verilog 2001"
"D:/Project/H100_FPGA/source/flash/spi flash/spi_flash_top.v|Verilog 2001"
"D:/Project/H100_FPGA/source/flash/spi flash/spi_flash_cmd.v|Verilog 2001"
"D:/Project/H100_FPGA/source/insp/adc_to_dac.v|Verilog 2001"
"D:/Project/H100_FPGA/source/insp/adc_to_temp.v|Verilog 2001"
"D:/Project/H100_FPGA/source/insp/pluse_average.v|Verilog 2001"
"D:/Project/H100_FPGA/source/insp/self_inspection.v|Verilog 2001"
"D:/Project/H100_FPGA/source/insp/adda/AD_SPI.v|Verilog 2001"
"D:/Project/H100_FPGA/source/insp/adda/adc_control.v|Verilog 2001"
"D:/Project/H100_FPGA/source/insp/adda/DA_SPI.v|Verilog 2001"
"D:/Project/H100_FPGA/source/laser/laser_control.v|Verilog 2001"
"D:/Project/H100_FPGA/source/rotate/encoder_generate.v|Verilog 2001"
"D:/Project/H100_FPGA/source/rotate/motor_control.v|Verilog 2001"
"D:/Project/H100_FPGA/source/rotate/opto_switch_filter.v|Verilog 2001"
"D:/Project/H100_FPGA/source/rotate/rotate_control.v|Verilog 2001"
"D:/Project/H100_FPGA/source/sram/sram_control.v|Verilog 2001"
"D:/Project/H100_FPGA/source/dist/as6500/as6500_control.v|Verilog 2001"
"D:/Project/H100_FPGA/source/dist/as6500/as6500_ctrl.v|Verilog 2001"
"D:/Project/H100_FPGA/source/dist/as6500/SPI_Master_2.v|Verilog 2001"
"D:/Project/H100_FPGA/source/eth/spi_w5500_top_3.v|Verilog 2001"
"D:/Project/H100_FPGA/source/eth/datagram_parser_udp.v|Verilog 2001"
"D:/Project/H100_FPGA/source/eth/ntp_calculate.v|Verilog 2001"
"D:/Project/H100_FPGA/source/eth/ntp_receive_parser.v|Verilog 2001"
"D:/Project/H100_FPGA/source/eth/ntp_send_make.v|Verilog 2001"
"D:/Project/H100_FPGA/source/eth/time_stamp_ntp.v|Verilog 2001"
"D:/Project/H100_FPGA/source/dist/calculate/data_pre.v|Verilog 2001"
"D:/Project/H100_FPGA/source/dist/calculate/dist_cal.v|Verilog 2001"
"D:/Project/H100_FPGA/source/dist/calculate/dist_calculate.v|Verilog 2001"
"D:/Project/H100_FPGA/source/dist/calculate/index_cal.v|Verilog 2001"
"D:/Project/H100_FPGA/source/insp/adc_to_dist.v|Verilog 2001"
"D:/Project/H100_FPGA/source/dist/dist_filter.v|Verilog 2001"
"D:/Project/H100_FPGA/source/dist/calculate/rssi_cal.v|Verilog 2001"
"D:/Project/H100_FPGA/source/dist/calculate/div_rill.v|Verilog 2001"
"D:/Project/H100_FPGA/data_process_3.v|Verilog 2001"
"D:/Project/H100_FPGA/c25x_fpga_ip/c25x_pll/c25x_pll.v|Verilog 2001"
"D:/Project/H100_FPGA/c25x_fpga_ip/cache_opto_ram/cache_opto_ram.v|Verilog 2001"
"D:/Project/H100_FPGA/c25x_fpga_ip/distance_ram/distance_ram.v|Verilog 2001"
"D:/Project/H100_FPGA/c25x_fpga_ip/eth_data_ram/eth_data_ram.v|Verilog 2001"
"D:/Project/H100_FPGA/c25x_fpga_ip/eth_send_ram/eth_send_ram.v|Verilog 2001"
"D:/Project/H100_FPGA/c25x_fpga_ip/multiplier/multiplier.v|Verilog 2001"
"D:/Project/H100_FPGA/c25x_fpga_ip/multiplier3/multiplier3.v|Verilog 2001"
"D:/Project/H100_FPGA/c25x_fpga_ip/opto_ram/opto_ram.v|Verilog 2001"
"D:/Project/H100_FPGA/c25x_fpga_ip/packet_data_ram/packet_data_ram.v|Verilog 2001"
"D:/Project/H100_FPGA/c25x_fpga_ip/tcp_recv_fifo/tcp_recv_fifo.v|Verilog 2001"
"D:/Project/H100_FPGA/c25x_fpga_ip/c25x_fpga_ip.v|Verilog 2001"
"D:/Project/H100_FPGA/opto_packet.v|Verilog 2001"
"D:/Project/H100_FPGA/source/rotate/motor_control_2.v|Verilog 2001"
"D:/Project/H100_FPGA/source/rotate/motor_drive.v|Verilog 2001"
"D:/Project/H100_FPGA/source/rotate/random_number_generator.v|Verilog 2001"
"D:/Project/H100_FPGA/sim/sim_as6500_control/TB_as6500_control.v|Verilog 2001"
