
Copyright (C) 1994-2020 Synopsys, Inc.
This Synopsys software and all associated documentation are proprietary to Synopsys, Inc.
and may only be used pursuant to the terms and conditions of a written license agreement
with Synopsys, Inc. All other use, reproduction, modification, or distribution of the
Synopsys software or the associated documentation is strictly prohibited.
Tool: Synplify Pro (R)
Build: Q-2020.03L-SP1
Install: E:\tools\Iscc\diamond\3.12\synpbase
OS: Windows 6.2

Hostname: LAPTOP-5IM9OFQR

Implementation : c25x_fpga
Synopsys HDL compiler and linker, Version comp202003synp2, Build 182R, Built Oct 29 2020 10:49:53, @

Modified Files: 56
FID:  path (prevtimestamp, timestamp)
0        D:\programs\fpga\C251\C25X_21090810\c25x_fpga_ip\c25x_pll\c25x_pll.v (N/A, 2021-09-02 13:39:43)
1        D:\programs\fpga\C251\C25X_21090810\c25x_fpga_ip\eth_data_ram\eth_data_ram.v (N/A, 2021-09-02 13:40:53)
2        D:\programs\fpga\C251\C25X_21090810\c25x_fpga_ip\eth_send_ram\eth_send_ram.v (N/A, 2021-09-02 13:41:50)
3        D:\programs\fpga\C251\C25X_21090810\c25x_fpga_ip\multiplier2\multiplier2.v (N/A, 2021-09-02 13:43:47)
4        D:\programs\fpga\C251\C25X_21090810\c25x_fpga_ip\multiplier3\multiplier3.v (N/A, 2021-09-02 13:44:32)
5        D:\programs\fpga\C251\C25X_21090810\c25x_fpga_ip\multiplier\multiplier.v (N/A, 2021-09-02 13:42:45)
6        D:\programs\fpga\C251\C25X_21090810\c25x_fpga_ip\packet_data_ram\packet_data_ram.v (N/A, 2021-09-02 13:45:36)
7        D:\programs\fpga\C251\C25X_21090810\c25x_fpga_ip\tcp_recv_fifo\tcp_recv_fifo.v (N/A, 2021-09-02 13:46:49)
8        D:\programs\fpga\C251\C25X_21090810\source\c25x_fpga.v (N/A, 2021-09-07 14:27:52)
9        D:\programs\fpga\C251\C25X_21090810\source\dist\calib_packet.v (N/A, 2021-09-08 10:58:41)
10       D:\programs\fpga\C251\C25X_21090810\source\dist\dist_calculate.v (N/A, 2021-09-08 10:57:06)
11       D:\programs\fpga\C251\C25X_21090810\source\dist\dist_filter.v (N/A, 2021-08-31 19:44:49)
12       D:\programs\fpga\C251\C25X_21090810\source\dist\dist_measure.v (N/A, 2021-09-08 10:55:51)
13       D:\programs\fpga\C251\C25X_21090810\source\dist\dist_packet.v (N/A, 2021-08-25 16:24:58)
14       D:\programs\fpga\C251\C25X_21090810\source\dist\measure_para.v (N/A, 2021-09-08 10:46:40)
15       D:\programs\fpga\C251\C25X_21090810\source\dist\ms1004\TDC_SPI_ms1004_2.v (N/A, 2021-06-25 15:35:51)
16       D:\programs\fpga\C251\C25X_21090810\source\dist\ms1004\ms1004_control_fall.v (N/A, 2021-09-07 16:39:15)
17       D:\programs\fpga\C251\C25X_21090810\source\dist\ms1004\ms1004_control_rise.v (N/A, 2021-09-07 16:36:45)
18       D:\programs\fpga\C251\C25X_21090810\source\dist\tail_filter.v (N/A, 2021-08-31 11:13:25)
19       D:\programs\fpga\C251\C25X_21090810\source\eth\datagram_cmd_defines.v (N/A, 2021-09-07 14:37:43)
20       D:\programs\fpga\C251\C25X_21090810\source\eth\datagram_parser.v (N/A, 2021-09-06 13:25:13)
21       D:\programs\fpga\C251\C25X_21090810\source\eth\division.v (N/A, 2021-09-02 16:56:06)
22       D:\programs\fpga\C251\C25X_21090810\source\eth\index_calculate.v (N/A, 2021-09-01 16:32:17)
23       D:\programs\fpga\C251\C25X_21090810\source\eth\parameter_ident_define.v (N/A, 2021-08-31 11:18:33)
24       D:\programs\fpga\C251\C25X_21090810\source\eth\parameter_init.v (N/A, 2021-09-08 10:40:28)
25       D:\programs\fpga\C251\C25X_21090810\source\eth\spi_master_eth.v (N/A, 2021-09-06 13:11:27)
26       D:\programs\fpga\C251\C25X_21090810\source\eth\spi_w5500_cmd.v (N/A, 2021-09-06 11:50:42)
27       D:\programs\fpga\C251\C25X_21090810\source\eth\spi_w5500_top.v (N/A, 2021-09-03 10:28:21)
28       D:\programs\fpga\C251\C25X_21090810\source\eth\time_stamp.v (N/A, 2021-06-23 18:37:59)
29       D:\programs\fpga\C251\C25X_21090810\source\eth\w5500_cmd_defines.v (N/A, 2021-05-10 09:16:18)
30       D:\programs\fpga\C251\C25X_21090810\source\eth\w5500_control.v (N/A, 2021-09-06 09:45:56)
31       D:\programs\fpga\C251\C25X_21090810\source\eth\w5500_reg_defines.v (N/A, 2021-04-28 11:16:03)
32       D:\programs\fpga\C251\C25X_21090810\source\flash\USRMCLK.v (N/A, 2021-04-26 11:46:34)
33       D:\programs\fpga\C251\C25X_21090810\source\flash\flash_control.v (N/A, 2021-09-08 10:38:41)
34       D:\programs\fpga\C251\C25X_21090810\source\flash\spi flash\spi_flash_cmd.v (N/A, 2021-09-02 13:10:21)
35       D:\programs\fpga\C251\C25X_21090810\source\flash\spi flash\spi_flash_top.v (N/A, 2021-05-17 10:02:53)
36       D:\programs\fpga\C251\C25X_21090810\source\flash\spi flash\spi_master.v (N/A, 2021-04-25 13:09:29)
37       D:\programs\fpga\C251\C25X_21090810\source\insp\adc_to_dac.v (N/A, 2021-09-01 17:14:01)
38       D:\programs\fpga\C251\C25X_21090810\source\insp\adc_to_temp.v (N/A, 2021-09-01 17:14:11)
39       D:\programs\fpga\C251\C25X_21090810\source\insp\adda\AD_SPI.v (N/A, 2021-08-10 13:41:09)
40       D:\programs\fpga\C251\C25X_21090810\source\insp\adda\DA_SPI.v (N/A, 2021-08-10 13:46:48)
41       D:\programs\fpga\C251\C25X_21090810\source\insp\adda\adc_control.v (N/A, 2021-08-10 15:02:16)
42       D:\programs\fpga\C251\C25X_21090810\source\insp\pluse_average.v (N/A, 2021-06-04 16:46:25)
43       D:\programs\fpga\C251\C25X_21090810\source\insp\self_inspection.v (N/A, 2021-09-01 17:14:22)
44       D:\programs\fpga\C251\C25X_21090810\source\laser\laser_control.v (N/A, 2021-09-07 16:51:00)
45       D:\programs\fpga\C251\C25X_21090810\source\rotate\encoder_generate.v (N/A, 2021-09-07 17:31:04)
46       D:\programs\fpga\C251\C25X_21090810\source\rotate\motor_control.v (N/A, 2021-09-07 13:53:40)
47       D:\programs\fpga\C251\C25X_21090810\source\rotate\opto_switch_filter.v (N/A, 2021-06-04 09:12:33)
48       D:\programs\fpga\C251\C25X_21090810\source\rotate\rotate_control.v (N/A, 2021-09-07 17:31:04)
49       D:\programs\fpga\C251\C25X_21090810\source\sram\sram_control.v (N/A, 2021-09-01 15:47:04)
50       E:\tools\Iscc\diamond\3.12\synpbase\lib\lucent\ecp5u.v (N/A, 2020-10-29 10:20:54)
51       E:\tools\Iscc\diamond\3.12\synpbase\lib\lucent\pmi_def.v (N/A, 2020-10-29 10:20:54)
52       E:\tools\Iscc\diamond\3.12\synpbase\lib\vlog\hypermods.v (N/A, 2020-10-29 10:23:10)
53       E:\tools\Iscc\diamond\3.12\synpbase\lib\vlog\scemi_objects.v (N/A, 2020-10-29 10:23:10)
54       E:\tools\Iscc\diamond\3.12\synpbase\lib\vlog\scemi_pipes.svh (N/A, 2020-10-29 10:23:10)
55       E:\tools\Iscc\diamond\3.12\synpbase\lib\vlog\umr_capim.v (N/A, 2020-10-29 10:23:10)

*******************************************************************
Modules that may have changed as a result of file changes: 46
MID:  lib.cell.view
0        work.AD_SPI.verilog may have changed because the following files changed:
                        D:\programs\fpga\C251\C25X_21090810\source\c25x_fpga.v (N/A, 2021-09-07 14:27:52) <-- (may instantiate this module)
                        D:\programs\fpga\C251\C25X_21090810\source\insp\adda\AD_SPI.v (N/A, 2021-08-10 13:41:09) <-- (module definition)
                        D:\programs\fpga\C251\C25X_21090810\source\insp\adda\adc_control.v (N/A, 2021-08-10 15:02:16) <-- (may instantiate this module)
                        D:\programs\fpga\C251\C25X_21090810\source\insp\self_inspection.v (N/A, 2021-09-01 17:14:22) <-- (may instantiate this module)
1        work.DA_SPI.verilog may have changed because the following files changed:
                        D:\programs\fpga\C251\C25X_21090810\source\c25x_fpga.v (N/A, 2021-09-07 14:27:52) <-- (may instantiate this module)
                        D:\programs\fpga\C251\C25X_21090810\source\insp\adda\DA_SPI.v (N/A, 2021-08-10 13:46:48) <-- (module definition)
                        D:\programs\fpga\C251\C25X_21090810\source\insp\self_inspection.v (N/A, 2021-09-01 17:14:22) <-- (may instantiate this module)
2        work.TDC_SPI_ms1004_2.verilog may have changed because the following files changed:
                        D:\programs\fpga\C251\C25X_21090810\source\c25x_fpga.v (N/A, 2021-09-07 14:27:52) <-- (may instantiate this module)
                        D:\programs\fpga\C251\C25X_21090810\source\dist\dist_measure.v (N/A, 2021-09-08 10:55:51) <-- (may instantiate this module)
                        D:\programs\fpga\C251\C25X_21090810\source\dist\ms1004\TDC_SPI_ms1004_2.v (N/A, 2021-06-25 15:35:51) <-- (module definition)
                        D:\programs\fpga\C251\C25X_21090810\source\dist\ms1004\ms1004_control_fall.v (N/A, 2021-09-07 16:39:15) <-- (may instantiate this module)
                        D:\programs\fpga\C251\C25X_21090810\source\dist\ms1004\ms1004_control_rise.v (N/A, 2021-09-07 16:36:45) <-- (may instantiate this module)
3        work.USRMCLK.verilog may have changed because the following files changed:
                        D:\programs\fpga\C251\C25X_21090810\source\c25x_fpga.v (N/A, 2021-09-07 14:27:52) <-- (may instantiate this module)
                        D:\programs\fpga\C251\C25X_21090810\source\flash\USRMCLK.v (N/A, 2021-04-26 11:46:34) <-- (module definition)
                        D:\programs\fpga\C251\C25X_21090810\source\flash\flash_control.v (N/A, 2021-09-08 10:38:41) <-- (may instantiate this module)
4        work.adc_control.verilog may have changed because the following files changed:
                        D:\programs\fpga\C251\C25X_21090810\source\c25x_fpga.v (N/A, 2021-09-07 14:27:52) <-- (may instantiate this module)
                        D:\programs\fpga\C251\C25X_21090810\source\insp\adda\adc_control.v (N/A, 2021-08-10 15:02:16) <-- (module definition)
                        D:\programs\fpga\C251\C25X_21090810\source\insp\self_inspection.v (N/A, 2021-09-01 17:14:22) <-- (may instantiate this module)
5        work.adc_to_dac.verilog may have changed because the following files changed:
                        D:\programs\fpga\C251\C25X_21090810\source\c25x_fpga.v (N/A, 2021-09-07 14:27:52) <-- (may instantiate this module)
                        D:\programs\fpga\C251\C25X_21090810\source\insp\adc_to_dac.v (N/A, 2021-09-01 17:14:01) <-- (module definition)
                        D:\programs\fpga\C251\C25X_21090810\source\insp\self_inspection.v (N/A, 2021-09-01 17:14:22) <-- (may instantiate this module)
6        work.adc_to_temp.verilog may have changed because the following files changed:
                        D:\programs\fpga\C251\C25X_21090810\source\c25x_fpga.v (N/A, 2021-09-07 14:27:52) <-- (may instantiate this module)
                        D:\programs\fpga\C251\C25X_21090810\source\insp\adc_to_dac.v (N/A, 2021-09-01 17:14:01) <-- (may instantiate this module)
                        D:\programs\fpga\C251\C25X_21090810\source\insp\adc_to_temp.v (N/A, 2021-09-01 17:14:11) <-- (module definition)
                        D:\programs\fpga\C251\C25X_21090810\source\insp\self_inspection.v (N/A, 2021-09-01 17:14:22) <-- (may instantiate this module)
7        work.c25x_fpga.verilog may have changed because the following files changed:
                        D:\programs\fpga\C251\C25X_21090810\source\c25x_fpga.v (N/A, 2021-09-07 14:27:52) <-- (module definition)
8        work.c25x_pll.verilog may have changed because the following files changed:
                        D:\programs\fpga\C251\C25X_21090810\c25x_fpga_ip\c25x_pll\c25x_pll.v (N/A, 2021-09-02 13:39:43) <-- (module definition)
                        D:\programs\fpga\C251\C25X_21090810\source\c25x_fpga.v (N/A, 2021-09-07 14:27:52) <-- (may instantiate this module)
9        work.calib_packet.verilog may have changed because the following files changed:
                        D:\programs\fpga\C251\C25X_21090810\source\c25x_fpga.v (N/A, 2021-09-07 14:27:52) <-- (may instantiate this module)
                        D:\programs\fpga\C251\C25X_21090810\source\dist\calib_packet.v (N/A, 2021-09-08 10:58:41) <-- (module definition)
                        D:\programs\fpga\C251\C25X_21090810\source\dist\dist_measure.v (N/A, 2021-09-08 10:55:51) <-- (may instantiate this module)
10       work.datagram_parser.verilog may have changed because the following files changed:
                        D:\programs\fpga\C251\C25X_21090810\source\c25x_fpga.v (N/A, 2021-09-07 14:27:52) <-- (may instantiate this module)
                        D:\programs\fpga\C251\C25X_21090810\source\eth\datagram_parser.v (N/A, 2021-09-06 13:25:13) <-- (module definition)
                        D:\programs\fpga\C251\C25X_21090810\source\eth\w5500_control.v (N/A, 2021-09-06 09:45:56) <-- (may instantiate this module)
11       work.dist_calculate.verilog may have changed because the following files changed:
                        D:\programs\fpga\C251\C25X_21090810\source\c25x_fpga.v (N/A, 2021-09-07 14:27:52) <-- (may instantiate this module)
                        D:\programs\fpga\C251\C25X_21090810\source\dist\dist_calculate.v (N/A, 2021-09-08 10:57:06) <-- (module definition)
                        D:\programs\fpga\C251\C25X_21090810\source\dist\dist_measure.v (N/A, 2021-09-08 10:55:51) <-- (may instantiate this module)
12       work.dist_filter.verilog may have changed because the following files changed:
                        D:\programs\fpga\C251\C25X_21090810\source\c25x_fpga.v (N/A, 2021-09-07 14:27:52) <-- (may instantiate this module)
                        D:\programs\fpga\C251\C25X_21090810\source\dist\dist_filter.v (N/A, 2021-08-31 19:44:49) <-- (module definition)
                        D:\programs\fpga\C251\C25X_21090810\source\dist\dist_measure.v (N/A, 2021-09-08 10:55:51) <-- (may instantiate this module)
13       work.dist_measure.verilog may have changed because the following files changed:
                        D:\programs\fpga\C251\C25X_21090810\source\c25x_fpga.v (N/A, 2021-09-07 14:27:52) <-- (may instantiate this module)
                        D:\programs\fpga\C251\C25X_21090810\source\dist\dist_measure.v (N/A, 2021-09-08 10:55:51) <-- (module definition)
14       work.dist_packet.verilog may have changed because the following files changed:
                        D:\programs\fpga\C251\C25X_21090810\source\c25x_fpga.v (N/A, 2021-09-07 14:27:52) <-- (may instantiate this module)
                        D:\programs\fpga\C251\C25X_21090810\source\dist\dist_measure.v (N/A, 2021-09-08 10:55:51) <-- (may instantiate this module)
                        D:\programs\fpga\C251\C25X_21090810\source\dist\dist_packet.v (N/A, 2021-08-25 16:24:58) <-- (module definition)
15       work.division.verilog may have changed because the following files changed:
                        D:\programs\fpga\C251\C25X_21090810\source\c25x_fpga.v (N/A, 2021-09-07 14:27:52) <-- (may instantiate this module)
                        D:\programs\fpga\C251\C25X_21090810\source\eth\division.v (N/A, 2021-09-02 16:56:06) <-- (module definition)
                        D:\programs\fpga\C251\C25X_21090810\source\eth\index_calculate.v (N/A, 2021-09-01 16:32:17) <-- (may instantiate this module)
                        D:\programs\fpga\C251\C25X_21090810\source\eth\parameter_init.v (N/A, 2021-09-08 10:40:28) <-- (may instantiate this module)
                        D:\programs\fpga\C251\C25X_21090810\source\eth\w5500_control.v (N/A, 2021-09-06 09:45:56) <-- (may instantiate this module)
                        D:\programs\fpga\C251\C25X_21090810\source\insp\adc_to_dac.v (N/A, 2021-09-01 17:14:01) <-- (may instantiate this module)
                        D:\programs\fpga\C251\C25X_21090810\source\insp\adc_to_temp.v (N/A, 2021-09-01 17:14:11) <-- (may instantiate this module)
                        D:\programs\fpga\C251\C25X_21090810\source\insp\self_inspection.v (N/A, 2021-09-01 17:14:22) <-- (may instantiate this module)
16       work.encoder_generate.verilog may have changed because the following files changed:
                        D:\programs\fpga\C251\C25X_21090810\source\c25x_fpga.v (N/A, 2021-09-07 14:27:52) <-- (may instantiate this module)
                        D:\programs\fpga\C251\C25X_21090810\source\rotate\encoder_generate.v (N/A, 2021-09-07 17:31:04) <-- (module definition)
                        D:\programs\fpga\C251\C25X_21090810\source\rotate\rotate_control.v (N/A, 2021-09-07 17:31:04) <-- (may instantiate this module)
17       work.eth_data_ram.verilog may have changed because the following files changed:
                        D:\programs\fpga\C251\C25X_21090810\c25x_fpga_ip\eth_data_ram\eth_data_ram.v (N/A, 2021-09-02 13:40:53) <-- (module definition)
                        D:\programs\fpga\C251\C25X_21090810\source\c25x_fpga.v (N/A, 2021-09-07 14:27:52) <-- (may instantiate this module)
                        D:\programs\fpga\C251\C25X_21090810\source\eth\datagram_parser.v (N/A, 2021-09-06 13:25:13) <-- (may instantiate this module)
                        D:\programs\fpga\C251\C25X_21090810\source\eth\w5500_control.v (N/A, 2021-09-06 09:45:56) <-- (may instantiate this module)
18       work.eth_send_ram.verilog may have changed because the following files changed:
                        D:\programs\fpga\C251\C25X_21090810\c25x_fpga_ip\eth_send_ram\eth_send_ram.v (N/A, 2021-09-02 13:41:50) <-- (module definition)
                        D:\programs\fpga\C251\C25X_21090810\source\c25x_fpga.v (N/A, 2021-09-07 14:27:52) <-- (may instantiate this module)
                        D:\programs\fpga\C251\C25X_21090810\source\eth\spi_w5500_top.v (N/A, 2021-09-03 10:28:21) <-- (may instantiate this module)
                        D:\programs\fpga\C251\C25X_21090810\source\eth\w5500_control.v (N/A, 2021-09-06 09:45:56) <-- (may instantiate this module)
19       work.flash_control.verilog may have changed because the following files changed:
                        D:\programs\fpga\C251\C25X_21090810\source\c25x_fpga.v (N/A, 2021-09-07 14:27:52) <-- (may instantiate this module)
                        D:\programs\fpga\C251\C25X_21090810\source\flash\flash_control.v (N/A, 2021-09-08 10:38:41) <-- (module definition)
20       work.index_calculate.verilog may have changed because the following files changed:
                        D:\programs\fpga\C251\C25X_21090810\source\c25x_fpga.v (N/A, 2021-09-07 14:27:52) <-- (may instantiate this module)
                        D:\programs\fpga\C251\C25X_21090810\source\eth\index_calculate.v (N/A, 2021-09-01 16:32:17) <-- (module definition)
                        D:\programs\fpga\C251\C25X_21090810\source\eth\parameter_init.v (N/A, 2021-09-08 10:40:28) <-- (may instantiate this module)
                        D:\programs\fpga\C251\C25X_21090810\source\eth\w5500_control.v (N/A, 2021-09-06 09:45:56) <-- (may instantiate this module)
21       work.laser_control.verilog may have changed because the following files changed:
                        D:\programs\fpga\C251\C25X_21090810\source\c25x_fpga.v (N/A, 2021-09-07 14:27:52) <-- (may instantiate this module)
                        D:\programs\fpga\C251\C25X_21090810\source\laser\laser_control.v (N/A, 2021-09-07 16:51:00) <-- (module definition)
22       work.measure_para.verilog may have changed because the following files changed:
                        D:\programs\fpga\C251\C25X_21090810\source\c25x_fpga.v (N/A, 2021-09-07 14:27:52) <-- (may instantiate this module)
                        D:\programs\fpga\C251\C25X_21090810\source\dist\dist_measure.v (N/A, 2021-09-08 10:55:51) <-- (may instantiate this module)
                        D:\programs\fpga\C251\C25X_21090810\source\dist\measure_para.v (N/A, 2021-09-08 10:46:40) <-- (module definition)
23       work.motor_control.verilog may have changed because the following files changed:
                        D:\programs\fpga\C251\C25X_21090810\source\c25x_fpga.v (N/A, 2021-09-07 14:27:52) <-- (may instantiate this module)
                        D:\programs\fpga\C251\C25X_21090810\source\rotate\motor_control.v (N/A, 2021-09-07 13:53:40) <-- (module definition)
                        D:\programs\fpga\C251\C25X_21090810\source\rotate\rotate_control.v (N/A, 2021-09-07 17:31:04) <-- (may instantiate this module)
24       work.ms1004_control_fall.verilog may have changed because the following files changed:
                        D:\programs\fpga\C251\C25X_21090810\source\c25x_fpga.v (N/A, 2021-09-07 14:27:52) <-- (may instantiate this module)
                        D:\programs\fpga\C251\C25X_21090810\source\dist\dist_measure.v (N/A, 2021-09-08 10:55:51) <-- (may instantiate this module)
                        D:\programs\fpga\C251\C25X_21090810\source\dist\ms1004\ms1004_control_fall.v (N/A, 2021-09-07 16:39:15) <-- (module definition)
25       work.ms1004_control_rise.verilog may have changed because the following files changed:
                        D:\programs\fpga\C251\C25X_21090810\source\c25x_fpga.v (N/A, 2021-09-07 14:27:52) <-- (may instantiate this module)
                        D:\programs\fpga\C251\C25X_21090810\source\dist\dist_measure.v (N/A, 2021-09-08 10:55:51) <-- (may instantiate this module)
                        D:\programs\fpga\C251\C25X_21090810\source\dist\ms1004\ms1004_control_rise.v (N/A, 2021-09-07 16:36:45) <-- (module definition)
26       work.multiplier.verilog may have changed because the following files changed:
                        D:\programs\fpga\C251\C25X_21090810\c25x_fpga_ip\multiplier\multiplier.v (N/A, 2021-09-02 13:42:45) <-- (module definition)
                        D:\programs\fpga\C251\C25X_21090810\source\c25x_fpga.v (N/A, 2021-09-07 14:27:52) <-- (may instantiate this module)
                        D:\programs\fpga\C251\C25X_21090810\source\dist\dist_calculate.v (N/A, 2021-09-08 10:57:06) <-- (may instantiate this module)
                        D:\programs\fpga\C251\C25X_21090810\source\dist\dist_measure.v (N/A, 2021-09-08 10:55:51) <-- (may instantiate this module)
                        D:\programs\fpga\C251\C25X_21090810\source\dist\measure_para.v (N/A, 2021-09-08 10:46:40) <-- (may instantiate this module)
                        D:\programs\fpga\C251\C25X_21090810\source\dist\tail_filter.v (N/A, 2021-08-31 11:13:25) <-- (may instantiate this module)
                        D:\programs\fpga\C251\C25X_21090810\source\insp\adc_to_dac.v (N/A, 2021-09-01 17:14:01) <-- (may instantiate this module)
                        D:\programs\fpga\C251\C25X_21090810\source\insp\adc_to_temp.v (N/A, 2021-09-01 17:14:11) <-- (may instantiate this module)
                        D:\programs\fpga\C251\C25X_21090810\source\insp\self_inspection.v (N/A, 2021-09-01 17:14:22) <-- (may instantiate this module)
27       work.multiplier2.verilog may have changed because the following files changed:
                        D:\programs\fpga\C251\C25X_21090810\c25x_fpga_ip\multiplier2\multiplier2.v (N/A, 2021-09-02 13:43:47) <-- (module definition)
                        D:\programs\fpga\C251\C25X_21090810\source\c25x_fpga.v (N/A, 2021-09-07 14:27:52) <-- (may instantiate this module)
                        D:\programs\fpga\C251\C25X_21090810\source\rotate\encoder_generate.v (N/A, 2021-09-07 17:31:04) <-- (may instantiate this module)
                        D:\programs\fpga\C251\C25X_21090810\source\rotate\rotate_control.v (N/A, 2021-09-07 17:31:04) <-- (may instantiate this module)
28       work.multiplier3.verilog may have changed because the following files changed:
                        D:\programs\fpga\C251\C25X_21090810\c25x_fpga_ip\multiplier3\multiplier3.v (N/A, 2021-09-02 13:44:32) <-- (module definition)
                        D:\programs\fpga\C251\C25X_21090810\source\c25x_fpga.v (N/A, 2021-09-07 14:27:52) <-- (may instantiate this module)
                        D:\programs\fpga\C251\C25X_21090810\source\rotate\encoder_generate.v (N/A, 2021-09-07 17:31:04) <-- (may instantiate this module)
                        D:\programs\fpga\C251\C25X_21090810\source\rotate\rotate_control.v (N/A, 2021-09-07 17:31:04) <-- (may instantiate this module)
29       work.opto_switch_filter.verilog may have changed because the following files changed:
                        D:\programs\fpga\C251\C25X_21090810\source\c25x_fpga.v (N/A, 2021-09-07 14:27:52) <-- (may instantiate this module)
                        D:\programs\fpga\C251\C25X_21090810\source\rotate\opto_switch_filter.v (N/A, 2021-06-04 09:12:33) <-- (module definition)
                        D:\programs\fpga\C251\C25X_21090810\source\rotate\rotate_control.v (N/A, 2021-09-07 17:31:04) <-- (may instantiate this module)
30       work.packet_data_ram.verilog may have changed because the following files changed:
                        D:\programs\fpga\C251\C25X_21090810\c25x_fpga_ip\packet_data_ram\packet_data_ram.v (N/A, 2021-09-02 13:45:36) <-- (module definition)
                        D:\programs\fpga\C251\C25X_21090810\source\c25x_fpga.v (N/A, 2021-09-07 14:27:52) <-- (may instantiate this module)
                        D:\programs\fpga\C251\C25X_21090810\source\eth\datagram_parser.v (N/A, 2021-09-06 13:25:13) <-- (may instantiate this module)
                        D:\programs\fpga\C251\C25X_21090810\source\eth\w5500_control.v (N/A, 2021-09-06 09:45:56) <-- (may instantiate this module)
31       work.parameter_init.verilog may have changed because the following files changed:
                        D:\programs\fpga\C251\C25X_21090810\source\c25x_fpga.v (N/A, 2021-09-07 14:27:52) <-- (may instantiate this module)
                        D:\programs\fpga\C251\C25X_21090810\source\eth\parameter_init.v (N/A, 2021-09-08 10:40:28) <-- (module definition)
                        D:\programs\fpga\C251\C25X_21090810\source\eth\w5500_control.v (N/A, 2021-09-06 09:45:56) <-- (may instantiate this module)
32       work.pluse_average.verilog may have changed because the following files changed:
                        D:\programs\fpga\C251\C25X_21090810\source\c25x_fpga.v (N/A, 2021-09-07 14:27:52) <-- (may instantiate this module)
                        D:\programs\fpga\C251\C25X_21090810\source\insp\pluse_average.v (N/A, 2021-06-04 16:46:25) <-- (module definition)
                        D:\programs\fpga\C251\C25X_21090810\source\insp\self_inspection.v (N/A, 2021-09-01 17:14:22) <-- (may instantiate this module)
33       work.rotate_control.verilog may have changed because the following files changed:
                        D:\programs\fpga\C251\C25X_21090810\source\c25x_fpga.v (N/A, 2021-09-07 14:27:52) <-- (may instantiate this module)
                        D:\programs\fpga\C251\C25X_21090810\source\rotate\rotate_control.v (N/A, 2021-09-07 17:31:04) <-- (module definition)
34       work.self_inspection.verilog may have changed because the following files changed:
                        D:\programs\fpga\C251\C25X_21090810\source\c25x_fpga.v (N/A, 2021-09-07 14:27:52) <-- (may instantiate this module)
                        D:\programs\fpga\C251\C25X_21090810\source\insp\self_inspection.v (N/A, 2021-09-01 17:14:22) <-- (module definition)
35       work.spi_flash_cmd.verilog may have changed because the following files changed:
                        D:\programs\fpga\C251\C25X_21090810\source\c25x_fpga.v (N/A, 2021-09-07 14:27:52) <-- (may instantiate this module)
                        D:\programs\fpga\C251\C25X_21090810\source\flash\flash_control.v (N/A, 2021-09-08 10:38:41) <-- (may instantiate this module)
                        D:\programs\fpga\C251\C25X_21090810\source\flash\spi flash\spi_flash_cmd.v (N/A, 2021-09-02 13:10:21) <-- (module definition)
                        D:\programs\fpga\C251\C25X_21090810\source\flash\spi flash\spi_flash_top.v (N/A, 2021-05-17 10:02:53) <-- (may instantiate this module)
36       work.spi_flash_top.verilog may have changed because the following files changed:
                        D:\programs\fpga\C251\C25X_21090810\source\c25x_fpga.v (N/A, 2021-09-07 14:27:52) <-- (may instantiate this module)
                        D:\programs\fpga\C251\C25X_21090810\source\flash\flash_control.v (N/A, 2021-09-08 10:38:41) <-- (may instantiate this module)
                        D:\programs\fpga\C251\C25X_21090810\source\flash\spi flash\spi_flash_top.v (N/A, 2021-05-17 10:02:53) <-- (module definition)
37       work.spi_master.verilog may have changed because the following files changed:
                        D:\programs\fpga\C251\C25X_21090810\source\c25x_fpga.v (N/A, 2021-09-07 14:27:52) <-- (may instantiate this module)
                        D:\programs\fpga\C251\C25X_21090810\source\flash\flash_control.v (N/A, 2021-09-08 10:38:41) <-- (may instantiate this module)
                        D:\programs\fpga\C251\C25X_21090810\source\flash\spi flash\spi_flash_cmd.v (N/A, 2021-09-02 13:10:21) <-- (may instantiate this module)
                        D:\programs\fpga\C251\C25X_21090810\source\flash\spi flash\spi_flash_top.v (N/A, 2021-05-17 10:02:53) <-- (may instantiate this module)
                        D:\programs\fpga\C251\C25X_21090810\source\flash\spi flash\spi_master.v (N/A, 2021-04-25 13:09:29) <-- (module definition)
38       work.spi_master_eth.verilog may have changed because the following files changed:
                        D:\programs\fpga\C251\C25X_21090810\source\c25x_fpga.v (N/A, 2021-09-07 14:27:52) <-- (may instantiate this module)
                        D:\programs\fpga\C251\C25X_21090810\source\eth\spi_master_eth.v (N/A, 2021-09-06 13:11:27) <-- (module definition)
                        D:\programs\fpga\C251\C25X_21090810\source\eth\spi_w5500_cmd.v (N/A, 2021-09-06 11:50:42) <-- (may instantiate this module)
                        D:\programs\fpga\C251\C25X_21090810\source\eth\spi_w5500_top.v (N/A, 2021-09-03 10:28:21) <-- (may instantiate this module)
                        D:\programs\fpga\C251\C25X_21090810\source\eth\w5500_control.v (N/A, 2021-09-06 09:45:56) <-- (may instantiate this module)
39       work.spi_w5500_cmd.verilog may have changed because the following files changed:
                        D:\programs\fpga\C251\C25X_21090810\source\c25x_fpga.v (N/A, 2021-09-07 14:27:52) <-- (may instantiate this module)
                        D:\programs\fpga\C251\C25X_21090810\source\eth\spi_w5500_cmd.v (N/A, 2021-09-06 11:50:42) <-- (module definition)
                        D:\programs\fpga\C251\C25X_21090810\source\eth\spi_w5500_top.v (N/A, 2021-09-03 10:28:21) <-- (may instantiate this module)
                        D:\programs\fpga\C251\C25X_21090810\source\eth\w5500_control.v (N/A, 2021-09-06 09:45:56) <-- (may instantiate this module)
40       work.spi_w5500_top.verilog may have changed because the following files changed:
                        D:\programs\fpga\C251\C25X_21090810\source\c25x_fpga.v (N/A, 2021-09-07 14:27:52) <-- (may instantiate this module)
                        D:\programs\fpga\C251\C25X_21090810\source\eth\spi_w5500_top.v (N/A, 2021-09-03 10:28:21) <-- (module definition)
                        D:\programs\fpga\C251\C25X_21090810\source\eth\w5500_control.v (N/A, 2021-09-06 09:45:56) <-- (may instantiate this module)
41       work.sram_control.verilog may have changed because the following files changed:
                        D:\programs\fpga\C251\C25X_21090810\source\c25x_fpga.v (N/A, 2021-09-07 14:27:52) <-- (may instantiate this module)
                        D:\programs\fpga\C251\C25X_21090810\source\sram\sram_control.v (N/A, 2021-09-01 15:47:04) <-- (module definition)
42       work.tail_filter.verilog may have changed because the following files changed:
                        D:\programs\fpga\C251\C25X_21090810\source\c25x_fpga.v (N/A, 2021-09-07 14:27:52) <-- (may instantiate this module)
                        D:\programs\fpga\C251\C25X_21090810\source\dist\dist_measure.v (N/A, 2021-09-08 10:55:51) <-- (may instantiate this module)
                        D:\programs\fpga\C251\C25X_21090810\source\dist\tail_filter.v (N/A, 2021-08-31 11:13:25) <-- (module definition)
43       work.tcp_recv_fifo.verilog may have changed because the following files changed:
                        D:\programs\fpga\C251\C25X_21090810\c25x_fpga_ip\tcp_recv_fifo\tcp_recv_fifo.v (N/A, 2021-09-02 13:46:49) <-- (module definition)
                        D:\programs\fpga\C251\C25X_21090810\source\c25x_fpga.v (N/A, 2021-09-07 14:27:52) <-- (may instantiate this module)
                        D:\programs\fpga\C251\C25X_21090810\source\eth\spi_w5500_top.v (N/A, 2021-09-03 10:28:21) <-- (may instantiate this module)
                        D:\programs\fpga\C251\C25X_21090810\source\eth\w5500_control.v (N/A, 2021-09-06 09:45:56) <-- (may instantiate this module)
44       work.time_stamp.verilog may have changed because the following files changed:
                        D:\programs\fpga\C251\C25X_21090810\source\c25x_fpga.v (N/A, 2021-09-07 14:27:52) <-- (may instantiate this module)
                        D:\programs\fpga\C251\C25X_21090810\source\eth\parameter_init.v (N/A, 2021-09-08 10:40:28) <-- (may instantiate this module)
                        D:\programs\fpga\C251\C25X_21090810\source\eth\time_stamp.v (N/A, 2021-06-23 18:37:59) <-- (module definition)
                        D:\programs\fpga\C251\C25X_21090810\source\eth\w5500_control.v (N/A, 2021-09-06 09:45:56) <-- (may instantiate this module)
45       work.w5500_control.verilog may have changed because the following files changed:
                        D:\programs\fpga\C251\C25X_21090810\source\c25x_fpga.v (N/A, 2021-09-07 14:27:52) <-- (may instantiate this module)
                        D:\programs\fpga\C251\C25X_21090810\source\eth\w5500_control.v (N/A, 2021-09-06 09:45:56) <-- (module definition)

*******************************************************************
Unmodified files: 0
FID:  path (timestamp)

*******************************************************************
Unchanged modules: 0
MID:  lib.cell.view
