Resource Usage Report
Part: lfe5u_45f-7

Register bits: 9946 of 43848 (23%)
PIC Latch:       0
I/O cells:       56

Details:
ALU54B:         2
AND2:           38
BB:             1
CCU2C:          2526
CLKDIVF:        2
DDRDLLA:        2
DELAYG:         2
DLLDELD:        2
DP16KD:         15
DPR16X4C:       51
ECLKSYNCB:      2
EHXPLLL:        2
FD1P3AX:        436
FD1P3BX:        520
FD1P3DX:        6001
FD1P3IX:        449
FD1S3AX:        165
FD1S3AY:        6
FD1S3BX:        139
FD1S3DX:        1933
FD1S3IX:        268
GSR:            1
IB:             18
IDDRX2F:        2
IFS1P3DX:       6
IFS1P3IX:       3
INV:            155
L6MUX21:        80
MULT18X18D:     7
MUX81:          20
OB:             35
OBZ:            2
OFS1P3BX:       10
OFS1P3DX:       7
OFS1P3IX:       3
OR2:            7
ORCALUT4:       9877
PDPW16KD:       23
PFUMX:          400
PUR:            1
ROM16X1A:       202
USRMCLK:        1
VHI:            140
VLO:            140
XOR2:           118
ddr3_ipcore:    1
ddr_clks_ddr3_ipcore: 1
jtagconn16:     1
pmi_ram_dp:     2
pmi_ram_dp:     1
